// Jest Snapshot v1, https://goo.gl/fbAQLP

exports[`tests task 5 getAll should return all data set 1`] = `
Array [
  Object {
    "bio": "15 years of JS everywhere: from microcontrollers to rendering video in the cloud. More than 6 years of educational experience (at two universities and Illya’s own courses), Ph.D. in Computer Science (field of interest: System Analysis and Theory of optimal decisions). Now works as front-end developer in GitLab.",
    "id": "1",
    "name": "Illya Klymov",
    "twitter": "https://twitter.com/xanf_ua",
  },
  Object {
    "bio": "Chris is a senior frontend developer at Scalac. He’s been working with Angular since the first beta came out and he loved it. Chris is passionate about functional programming in JavaScript and loves working with RxJS. In his free time he likes to go jogging.",
    "github": "https://github.com/ktrz",
    "id": "2",
    "name": "Chris Trześniewski",
    "twitter": "https://twitter.com/ktrz__",
  },
  Object {
    "bio": "Prashant is a frontend developer at Frontmen in the Netherlands. Apart from coding, he is also responsible to create a technical trajectory for developers within Frontmen. While not coding, he likes to travel, preach about technologies and break a sweat at the basketball court with friends.",
    "github": "https://www.linkedin.com/in/prashantpalikhe/",
    "id": "3",
    "linkedin": "https://github.com/prashantpalikhe/",
    "name": "Prashant Palikhe",
    "twitter": "https://twitter.com/PrashantPalikhe",
  },
  Object {
    "bio": "Natalia Tepluhina is a big fan of Vue.js framework and contributor to Vue ecosystem. Currently she’s working as a part of Vue.js docs team. Natalia is a constant learner and loves to share knowledge with other people. She is a conference speaker and author of articles on different topics related to Vue.js . Thanks to this activities she has got a title of Google Developer Expert in Web Technologies.",
    "github": "https://gitlab.com/ntepluhina",
    "id": "4",
    "name": "Natalia Tepluhina",
    "twitter": "https://twitter.com/N_Tepluhina",
  },
  Object {
    "bio": "Experienced and passionate JavaScript/React developer. Speaker, lecturer, mentor, open source contributor, active member of Vinnytsia IT community.",
    "github": "https://github.com/yevhene",
    "id": "5",
    "linkedin": "https://www.linkedin.com/in/yevhene/",
    "name": "Yevhen Shemet",
  },
  Object {
    "bio": "Frontend developer accessibility consultant with experience in backend. Now I’m working at big projects for UK, where main magic criteria are accessibility and performance. I always wanted to do more than coding. And now the laws of many countries give me the opportunity to do it.",
    "id": "6",
    "linkedin": "https://www.linkedin.com/in/andriis",
    "name": "Andrii Shtadler",
  },
  Object {
    "bio": "A person who always tries something new and never gives up if it goes wrong. Coding is my passion and it is so easy for me to lose track of time.",
    "github": "https://github.com/Croftyland",
    "id": "7",
    "name": "Khrystyna Landvytovych",
    "twitter": "https://twitter.com/croftyland",
  },
  Object {
    "bio": "My name is Viktor Turskyi. I am CEO and principal architect at WebbyLab. Open source developer. More than 15 years in IT, launched more than 60 javascript projects, more than 30 talks at conferences",
    "github": "https://github.com/koorchik/my-talks",
    "id": "8",
    "linkedin": "https://www.linkedin.com/in/turskyi/",
    "name": "Viktor Turskyi",
    "twitter": "https://twitter.com/koorchik",
  },
  Object {
    "bio": "Accessibility advocate during free time and Green Bay Packers fan during cold nights.",
    "id": "9",
    "name": "Oleksandr Kovtun",
  },
  Object {
    "bio": "Senior full-stack javascript developer in company IG «RIA». I have experience in developing PWA (Progressive Web Apps), AMP (Accelerated Mobile Pages) and universal apps, build VR UI. I’m working on creating VR interfaces. I am interested in machine learning and AI.",
    "github": "https://boryamogila.github.io/",
    "id": "10",
    "linkedin": "https://www.linkedin.com/in/--06b6b212a",
    "name": "Borys Mohyla",
    "twitter": "https://twitter.com/BoryaMogila",
  },
  Object {
    "bio": "Milica is web developer from Belgrade, currently writing for Google about performance optimizations and tools that can help you with that. Before that she was an intern at Mozilla where she worked on Servo engine and learned a lot about how browsers work. She’s also a Mozilla Tech Speaker and a big believer in open web, always exploring new technologies that are moving it forward, like WebAssembly and WebVR.",
    "github": "https://github.com/mihajlija",
    "id": "11",
    "linkedin": "https://www.linkedin.com/in/milica-mihajlija-a0523014b/",
    "name": "Milica Mihajlija",
    "twitter": "https://twitter.com/bibydigital",
  },
  Object {
    "bio": "Paul is a web developer, who happens to be several communities organizer, public speaker, mentor, traveler and just a guy with a good sense of humor. Currently lives in Minsk, but you can easily find him at any international conference.",
    "id": "12",
    "name": "Paul Yuhnovich",
    "twitter": "https://twitter.com/Paul_Yuhnovich",
  },
  Object {
    "bio": "I am enthusiastic front-end developer who loves the web and new technologies around it. I am tech speaker, contributor, volunteer at Mozilla. I believe in the mission to ensure the Internet is a global public resource, open and accessible to all.",
    "github": "https://github.com/gabrielmicko",
    "id": "13",
    "name": "Gabriel Mičko",
    "twitter": "https://twitter.com/gabriel_micko",
  },
]
`;

exports[`tests task 5 getByFilters should return filtered data set 1`] = `
Array [
  Object {
    "bio": "I am enthusiastic front-end developer who loves the web and new technologies around it. I am tech speaker, contributor, volunteer at Mozilla. I believe in the mission to ensure the Internet is a global public resource, open and accessible to all.",
    "github": "https://github.com/gabrielmicko",
    "id": "13",
    "name": "Gabriel Mičko",
    "twitter": "https://twitter.com/gabriel_micko",
  },
]
`;
